// Jest Snapshot v1, https://goo.gl/fbAQLP

exports[`should render ToDoItem 1`] = `
<div
  className="todo"
>
  <ToggleButton
    completed={1}
    toggleToDoCompleted={[Function]}
    type="forTodo"
  />
  <form
    className="todo-edit-form"
    id="todo-edit-form-1"
    onBlur={[Function]}
    onSubmit={[Function]}
  >
    <input
      className="todo-edit-form-textfield"
      defaultValue="first"
      name="text"
      onChange={[Function]}
      placeholder="I want to..."
    />
  </form>
  <form
    className="todo-delete-form"
    onSubmit={[Function]}
  >
    <WithStyles(ForwardRef(IconButton))
      className="todo-icon-button"
      type="submit"
    >
      <ClearIcon
        className="todo-clear-icon"
        fontSize="large"
      />
    </WithStyles(ForwardRef(IconButton))>
  </form>
</div>
`;
